<![LOG[step 11 'Install Applications' (InstallApplications) starting, attempt 1 of 1]LOG]!><time="20:58:54.256-180" date="08-30-2026" component="Engine" context="" type="1" thread="13" file="InstallApplications">
<![LOG[install plan, in order: Acrobat-Acrobat-Reader-DC-2600121771, TightVNC-Software-Tightvnc-2.8.88]LOG]!><time="20:58:55.240-180" date="08-30-2026" component="InstallApplications" context="" type="1" thread="13" file="InstallApplications">
<![LOG[[DEBUG] 'Acrobat-Acrobat-Reader-DC-2600121771': no detect rule, so it installs every time (DESIGN 8).]LOG]!><time="20:58:55.339-180" date="08-30-2026" component="InstallApplications" context="" type="1" thread="13" file="InstallApplications">
<![LOG[installing 1 of 2: Acrobat Acrobat Reader DC 2600121771]LOG]!><time="20:58:55.461-180" date="08-30-2026" component="InstallApplications" context="" type="1" thread="13" file="InstallApplications">
<![LOG['Acrobat-Acrobat-Reader-DC-2600121771' change directory: Z:\Applications\Acrobat-Acrobat-Reader-DC-2600121771\source]LOG]!><time="20:58:55.884-180" date="08-30-2026" component="InstallApplications" context="" type="1" thread="13" file="InstallApplications">
<![LOG['Acrobat-Acrobat-Reader-DC-2600121771' run command: C:\Windows\system32\cmd.exe /c msiexec.exe /i AcroRead.msi PATCH="%CD%\AcroRdrDCUpd2600121771.msp" EULA_ACCEPT=YES /qn /norestart]LOG]!><time="20:58:55.975-180" date="08-30-2026" component="InstallApplications" context="" type="1" thread="13" file="InstallApplications">
<![LOG[Acrobat Acrobat Reader DC 2600121771 - still running after 15s]LOG]!><time="20:59:11.390-180" date="08-30-2026" component="InstallApplications" context="" type="1" thread="13" file="InstallApplications">
<![LOG[Acrobat Acrobat Reader DC 2600121771 - still running after 30s]LOG]!><time="20:59:26.589-180" date="08-30-2026" component="InstallApplications" context="" type="1" thread="13" file="InstallApplications">
<![LOG[Acrobat Acrobat Reader DC 2600121771 - still running after 45s]LOG]!><time="20:59:41.730-180" date="08-30-2026" component="InstallApplications" context="" type="1" thread="13" file="InstallApplications">
<![LOG[Acrobat Acrobat Reader DC 2600121771 - still running after 1m 0s]LOG]!><time="20:59:56.743-180" date="08-30-2026" component="InstallApplications" context="" type="1" thread="13" file="InstallApplications">
<![LOG[Acrobat Acrobat Reader DC 2600121771 - still running after 1m 16s]LOG]!><time="21:00:12.236-180" date="08-30-2026" component="InstallApplications" context="" type="1" thread="13" file="InstallApplications">
<![LOG[Acrobat Acrobat Reader DC 2600121771 - still running after 1m 31s]LOG]!><time="21:00:27.299-180" date="08-30-2026" component="InstallApplications" context="" type="1" thread="13" file="InstallApplications">
<![LOG[[DEBUG] 'Acrobat-Acrobat-Reader-DC-2600121771' returned exit code 0 in 95899 ms; successCodes (0, 3010), rebootCodes (3010) - it matched a success code.]LOG]!><time="21:00:32.003-180" date="08-30-2026" component="InstallApplications" context="" type="1" thread="13" file="InstallApplications">
<![LOG[installed 'Acrobat Acrobat Reader DC 2600121771'; it returned exit code 0 in 95899 ms.]LOG]!><time="21:00:32.083-180" date="08-30-2026" component="InstallApplications" context="" type="1" thread="13" file="InstallApplications">
<![LOG[installed 1 of 2: Acrobat Acrobat Reader DC 2600121771.]LOG]!><time="21:00:32.162-180" date="08-30-2026" component="InstallApplications" context="" type="1" thread="13" file="InstallApplications">
<![LOG[[DEBUG] 'TightVNC-Software-Tightvnc-2.8.88': detection (file: path=C:\Program Files\TightVNC\tvnviewer.exe) did not find it, so it will be installed.]LOG]!><time="21:00:32.497-180" date="08-30-2026" component="InstallApplications" context="" type="1" thread="13" file="InstallApplications">
<![LOG[installing 2 of 2: TightVNC Software Tightvnc 2.8.88]LOG]!><time="21:00:32.563-180" date="08-30-2026" component="InstallApplications" context="" type="1" thread="13" file="InstallApplications">
<![LOG['TightVNC-Software-Tightvnc-2.8.88' change directory: Z:\Applications\TightVNC-Software-Tightvnc-2.8.88\source]LOG]!><time="21:00:32.848-180" date="08-30-2026" component="InstallApplications" context="" type="1" thread="13" file="InstallApplications">
<![LOG['TightVNC-Software-Tightvnc-2.8.88' run command: C:\Windows\system32\cmd.exe /c msiexec.exe /i "%CD%\tightvnc-2.8.88-gpl-setup-64bit.msi" /qn /norestart]LOG]!><time="21:00:32.914-180" date="08-30-2026" component="InstallApplications" context="" type="1" thread="13" file="InstallApplications">
<![LOG[[DEBUG] 'TightVNC-Software-Tightvnc-2.8.88' returned exit code 0 in 2589 ms; successCodes (0, 3010), rebootCodes (3010) - it matched a success code.]LOG]!><time="21:00:35.578-180" date="08-30-2026" component="InstallApplications" context="" type="1" thread="13" file="InstallApplications">
<![LOG[installed 'TightVNC Software Tightvnc 2.8.88'; it returned exit code 0 in 2589 ms.]LOG]!><time="21:00:35.626-180" date="08-30-2026" component="InstallApplications" context="" type="1" thread="13" file="InstallApplications">
<![LOG[installed 2 of 2: TightVNC Software Tightvnc 2.8.88.]LOG]!><time="21:00:35.705-180" date="08-30-2026" component="InstallApplications" context="" type="1" thread="13" file="InstallApplications">
<![LOG[installed 2 application(s), skipped 0 already present.]LOG]!><time="21:00:36.011-180" date="08-30-2026" component="InstallApplications" context="" type="1" thread="13" file="InstallApplications">
<![LOG[step 11 'Install Applications' completed]LOG]!><time="21:00:36.091-180" date="08-30-2026" component="Engine" context="" type="1" thread="13" file="InstallApplications">
