<![LOG[step 5 'Install Operating System' (ApplyImage) starting, attempt 1 of 1]LOG]!><time="20:46:35.366-180" date="08-30-2026" component="Engine" context="" type="1" thread="13" file="ApplyImage">
<![LOG[applying Z:\OperatingSystems\Win11-LTSC-2024\sources\install.wim (index 1, Windows 11 Enterprise LTSC) to W:\]LOG]!><time="20:46:35.506-180" date="08-30-2026" component="ApplyImage" context="" type="1" thread="13" file="ApplyImage">
<![LOG[applying Z:\OperatingSystems\Win11-LTSC-2024\sources\install.wim (index 1) to W:\: 5%]LOG]!><time="20:46:44.328-180" date="08-30-2026" component="ApplyImage" context="" type="1" thread="13" file="ApplyImage">
<![LOG[applying Z:\OperatingSystems\Win11-LTSC-2024\sources\install.wim (index 1) to W:\: 10%]LOG]!><time="20:46:46.142-180" date="08-30-2026" component="ApplyImage" context="" type="1" thread="13" file="ApplyImage">
<![LOG[applying Z:\OperatingSystems\Win11-LTSC-2024\sources\install.wim (index 1) to W:\: 15%]LOG]!><time="20:46:50.998-180" date="08-30-2026" component="ApplyImage" context="" type="1" thread="13" file="ApplyImage">
<![LOG[applying Z:\OperatingSystems\Win11-LTSC-2024\sources\install.wim (index 1) to W:\: 20%]LOG]!><time="20:46:56.582-180" date="08-30-2026" component="ApplyImage" context="" type="1" thread="13" file="ApplyImage">
<![LOG[applying Z:\OperatingSystems\Win11-LTSC-2024\sources\install.wim (index 1) to W:\: 25%]LOG]!><time="20:47:01.165-180" date="08-30-2026" component="ApplyImage" context="" type="1" thread="13" file="ApplyImage">
<![LOG[applying Z:\OperatingSystems\Win11-LTSC-2024\sources\install.wim (index 1) to W:\: 30%]LOG]!><time="20:47:07.226-180" date="08-30-2026" component="ApplyImage" context="" type="1" thread="13" file="ApplyImage">
<![LOG[applying Z:\OperatingSystems\Win11-LTSC-2024\sources\install.wim (index 1) to W:\: 35%]LOG]!><time="20:47:12.383-180" date="08-30-2026" component="ApplyImage" context="" type="1" thread="13" file="ApplyImage">
<![LOG[applying Z:\OperatingSystems\Win11-LTSC-2024\sources\install.wim (index 1) to W:\: 40%]LOG]!><time="20:47:17.776-180" date="08-30-2026" component="ApplyImage" context="" type="1" thread="13" file="ApplyImage">
<![LOG[applying Z:\OperatingSystems\Win11-LTSC-2024\sources\install.wim (index 1) to W:\: 45%]LOG]!><time="20:47:23.039-180" date="08-30-2026" component="ApplyImage" context="" type="1" thread="13" file="ApplyImage">
<![LOG[applying Z:\OperatingSystems\Win11-LTSC-2024\sources\install.wim (index 1) to W:\: 50%]LOG]!><time="20:47:28.184-180" date="08-30-2026" component="ApplyImage" context="" type="1" thread="13" file="ApplyImage">
<![LOG[applying Z:\OperatingSystems\Win11-LTSC-2024\sources\install.wim (index 1) to W:\: 55%]LOG]!><time="20:47:33.831-180" date="08-30-2026" component="ApplyImage" context="" type="1" thread="13" file="ApplyImage">
<![LOG[applying Z:\OperatingSystems\Win11-LTSC-2024\sources\install.wim (index 1) to W:\: 60%]LOG]!><time="20:47:35.900-180" date="08-30-2026" component="ApplyImage" context="" type="1" thread="13" file="ApplyImage">
<![LOG[applying Z:\OperatingSystems\Win11-LTSC-2024\sources\install.wim (index 1) to W:\: 65%]LOG]!><time="20:47:40.296-180" date="08-30-2026" component="ApplyImage" context="" type="1" thread="13" file="ApplyImage">
<![LOG[applying Z:\OperatingSystems\Win11-LTSC-2024\sources\install.wim (index 1) to W:\: 70%]LOG]!><time="20:47:45.991-180" date="08-30-2026" component="ApplyImage" context="" type="1" thread="13" file="ApplyImage">
<![LOG[applying Z:\OperatingSystems\Win11-LTSC-2024\sources\install.wim (index 1) to W:\: 75%]LOG]!><time="20:47:50.994-180" date="08-30-2026" component="ApplyImage" context="" type="1" thread="13" file="ApplyImage">
<![LOG[applying Z:\OperatingSystems\Win11-LTSC-2024\sources\install.wim (index 1) to W:\: 80%]LOG]!><time="20:47:56.448-180" date="08-30-2026" component="ApplyImage" context="" type="1" thread="13" file="ApplyImage">
<![LOG[applying Z:\OperatingSystems\Win11-LTSC-2024\sources\install.wim (index 1) to W:\: 85%]LOG]!><time="20:48:02.187-180" date="08-30-2026" component="ApplyImage" context="" type="1" thread="13" file="ApplyImage">
<![LOG[applying Z:\OperatingSystems\Win11-LTSC-2024\sources\install.wim (index 1) to W:\: 90%]LOG]!><time="20:48:12.987-180" date="08-30-2026" component="ApplyImage" context="" type="1" thread="13" file="ApplyImage">
<![LOG[applying Z:\OperatingSystems\Win11-LTSC-2024\sources\install.wim (index 1) to W:\: 95%]LOG]!><time="20:48:33.750-180" date="08-30-2026" component="ApplyImage" context="" type="1" thread="13" file="ApplyImage">
<![LOG[applying Z:\OperatingSystems\Win11-LTSC-2024\sources\install.wim (index 1) to W:\: 100%]LOG]!><time="20:48:35.265-180" date="08-30-2026" component="ApplyImage" context="" type="1" thread="13" file="ApplyImage">
<![LOG[applied Z:\OperatingSystems\Win11-LTSC-2024\sources\install.wim (index 1) to W:\ in 119806 ms.]LOG]!><time="20:48:35.376-180" date="08-30-2026" component="ApplyImage" context="" type="1" thread="13" file="ApplyImage">
<![LOG[step 5 'Install Operating System' completed]LOG]!><time="20:48:35.472-180" date="08-30-2026" component="Engine" context="" type="1" thread="13" file="ApplyImage">
